main.c:75:6:ui_gLCDshow	16	static
main.c:93:5:main	192	static
main.c:191:6:SystemClock_Config	72	static
main.c:230:13:MX_I2C1_Init	8	static
main.c:264:13:MX_SPI1_Init	8	static
main.c:302:13:MX_SPI2_Init	8	static
main.c:340:13:MX_TIM1_Init	32	static
main.c:389:13:MX_USART2_UART_Init	8	static
main.c:422:13:MX_GPIO_Init	40	static
main.c:484:6:StartDefaultTask	16	static
main.c:503:6:StartTask02	16	static
main.c:525:6:HAL_TIM_PeriodElapsedCallback	16	static
main.c:542:6:Error_Handler	4	static,ignoring_inline_asm
