main.c:82:6:ui_gLCDshow	24	static
main.c:100:5:main	112	static
main.c:196:6:SystemClock_Config	72	static
main.c:235:13:MX_I2C1_Init	8	static
main.c:269:13:MX_SPI1_Init	8	static
main.c:307:13:MX_SPI2_Init	8	static
main.c:345:13:MX_TIM1_Init	32	static
main.c:394:13:MX_USART2_UART_Init	8	static
main.c:427:13:MX_GPIO_Init	40	static
main.c:489:6:StartDefaultTask	16	static
main.c:508:6:StartTask02	16	static
main.c:530:6:HAL_TIM_PeriodElapsedCallback	16	static
main.c:547:6:Error_Handler	4	static,ignoring_inline_asm
